// Jest Snapshot v1, https://goo.gl/fbAQLP

exports[`should render 1x1 empty field 1`] = `
<div
  className="field"
>
  <div
    className="wrapper"
    style={
      Object {
        "paddingBottom": "100%",
      }
    }
  >
    <div
      className="content"
    >
      <div
        className="col"
      >
        <div
          className="row"
        >
          <div
            className="tile"
            onClick={[Function]}
          >
            <div
              className="bg"
            />
          </div>
        </div>
      </div>
    </div>
  </div>
  <div
    className="buttons"
  >
    <div
      className="buttonsPadding"
    />
    <button
      className="button button"
      onClick={[Function]}
    >
      <div
        className="inner"
      >
        RESET
      </div>
    </button>
    <div
      className="buttonsSpacing"
    />
    <button
      className="buttonAccent button"
      onClick={[Function]}
    >
      <div
        className="inner"
      >
        RUN
      </div>
    </button>
    <div
      className="buttonsPadding"
    />
  </div>
</div>
`;

exports[`should render 4x4 empty field 1`] = `
<div
  className="field"
>
  <div
    className="wrapper"
    style={
      Object {
        "paddingBottom": "100%",
      }
    }
  >
    <div
      className="content"
    >
      <div
        className="col"
      >
        <div
          className="row"
        >
          <div
            className="tile"
            onClick={[Function]}
          >
            <div
              className="bg"
            />
          </div>
        </div>
        <div
          className="row"
        >
          <div
            className="tile"
            onClick={[Function]}
          >
            <div
              className="bg"
            />
          </div>
        </div>
        <div
          className="row"
        >
          <div
            className="tile"
            onClick={[Function]}
          >
            <div
              className="bg"
            />
          </div>
        </div>
        <div
          className="row"
        >
          <div
            className="tile"
            onClick={[Function]}
          >
            <div
              className="bg"
            />
          </div>
        </div>
      </div>
      <div
        className="col"
      >
        <div
          className="row"
        >
          <div
            className="tile"
            onClick={[Function]}
          >
            <div
              className="bg"
            />
          </div>
        </div>
        <div
          className="row"
        >
          <div
            className="tile"
            onClick={[Function]}
          >
            <div
              className="bg"
            />
          </div>
        </div>
        <div
          className="row"
        >
          <div
            className="tile"
            onClick={[Function]}
          >
            <div
              className="bg"
            />
          </div>
        </div>
        <div
          className="row"
        >
          <div
            className="tile"
            onClick={[Function]}
          >
            <div
              className="bg"
            />
          </div>
        </div>
      </div>
      <div
        className="col"
      >
        <div
          className="row"
        >
          <div
            className="tile"
            onClick={[Function]}
          >
            <div
              className="bg"
            />
          </div>
        </div>
        <div
          className="row"
        >
          <div
            className="tile"
            onClick={[Function]}
          >
            <div
              className="bg"
            />
          </div>
        </div>
        <div
          className="row"
        >
          <div
            className="tile"
            onClick={[Function]}
          >
            <div
              className="bg"
            />
          </div>
        </div>
        <div
          className="row"
        >
          <div
            className="tile"
            onClick={[Function]}
          >
            <div
              className="bg"
            />
          </div>
        </div>
      </div>
      <div
        className="col"
      >
        <div
          className="row"
        >
          <div
            className="tile"
            onClick={[Function]}
          >
            <div
              className="bg"
            />
          </div>
        </div>
        <div
          className="row"
        >
          <div
            className="tile"
            onClick={[Function]}
          >
            <div
              className="bg"
            />
          </div>
        </div>
        <div
          className="row"
        >
          <div
            className="tile"
            onClick={[Function]}
          >
            <div
              className="bg"
            />
          </div>
        </div>
        <div
          className="row"
        >
          <div
            className="tile"
            onClick={[Function]}
          >
            <div
              className="bg"
            />
          </div>
        </div>
      </div>
    </div>
  </div>
  <div
    className="buttons"
  >
    <div
      className="buttonsPadding"
    />
    <button
      className="button button"
      onClick={[Function]}
    >
      <div
        className="inner"
      >
        RESET
      </div>
    </button>
    <div
      className="buttonsSpacing"
    />
    <button
      className="buttonAccent button"
      onClick={[Function]}
    >
      <div
        className="inner"
      >
        RUN
      </div>
    </button>
    <div
      className="buttonsPadding"
    />
  </div>
</div>
`;

exports[`should render 12x6 empty field 1`] = `
<div
  className="field"
>
  <div
    className="wrapper"
    style={
      Object {
        "paddingBottom": "50%",
      }
    }
  >
    <div
      className="content"
    >
      <div
        className="col"
      >
        <div
          className="row"
        >
          <div
            className="tile"
            onClick={[Function]}
          >
            <div
              className="bg"
            />
          </div>
        </div>
        <div
          className="row"
        >
          <div
            className="tile"
            onClick={[Function]}
          >
            <div
              className="bg"
            />
          </div>
        </div>
        <div
          className="row"
        >
          <div
            className="tile"
            onClick={[Function]}
          >
            <div
              className="bg"
            />
          </div>
        </div>
        <div
          className="row"
        >
          <div
            className="tile"
            onClick={[Function]}
          >
            <div
              className="bg"
            />
          </div>
        </div>
        <div
          className="row"
        >
          <div
            className="tile"
            onClick={[Function]}
          >
            <div
              className="bg"
            />
          </div>
        </div>
        <div
          className="row"
        >
          <div
            className="tile"
            onClick={[Function]}
          >
            <div
              className="bg"
            />
          </div>
        </div>
      </div>
      <div
        className="col"
      >
        <div
          className="row"
        >
          <div
            className="tile"
            onClick={[Function]}
          >
            <div
              className="bg"
            />
          </div>
        </div>
        <div
          className="row"
        >
          <div
            className="tile"
            onClick={[Function]}
          >
            <div
              className="bg"
            />
          </div>
        </div>
        <div
          className="row"
        >
          <div
            className="tile"
            onClick={[Function]}
          >
            <div
              className="bg"
            />
          </div>
        </div>
        <div
          className="row"
        >
          <div
            className="tile"
            onClick={[Function]}
          >
            <div
              className="bg"
            />
          </div>
        </div>
        <div
          className="row"
        >
          <div
            className="tile"
            onClick={[Function]}
          >
            <div
              className="bg"
            />
          </div>
        </div>
        <div
          className="row"
        >
          <div
            className="tile"
            onClick={[Function]}
          >
            <div
              className="bg"
            />
          </div>
        </div>
      </div>
      <div
        className="col"
      >
        <div
          className="row"
        >
          <div
            className="tile"
            onClick={[Function]}
          >
            <div
              className="bg"
            />
          </div>
        </div>
        <div
          className="row"
        >
          <div
            className="tile"
            onClick={[Function]}
          >
            <div
              className="bg"
            />
          </div>
        </div>
        <div
          className="row"
        >
          <div
            className="tile"
            onClick={[Function]}
          >
            <div
              className="bg"
            />
          </div>
        </div>
        <div
          className="row"
        >
          <div
            className="tile"
            onClick={[Function]}
          >
            <div
              className="bg"
            />
          </div>
        </div>
        <div
          className="row"
        >
          <div
            className="tile"
            onClick={[Function]}
          >
            <div
              className="bg"
            />
          </div>
        </div>
        <div
          className="row"
        >
          <div
            className="tile"
            onClick={[Function]}
          >
            <div
              className="bg"
            />
          </div>
        </div>
      </div>
      <div
        className="col"
      >
        <div
          className="row"
        >
          <div
            className="tile"
            onClick={[Function]}
          >
            <div
              className="bg"
            />
          </div>
        </div>
        <div
          className="row"
        >
          <div
            className="tile"
            onClick={[Function]}
          >
            <div
              className="bg"
            />
          </div>
        </div>
        <div
          className="row"
        >
          <div
            className="tile"
            onClick={[Function]}
          >
            <div
              className="bg"
            />
          </div>
        </div>
        <div
          className="row"
        >
          <div
            className="tile"
            onClick={[Function]}
          >
            <div
              className="bg"
            />
          </div>
        </div>
        <div
          className="row"
        >
          <div
            className="tile"
            onClick={[Function]}
          >
            <div
              className="bg"
            />
          </div>
        </div>
        <div
          className="row"
        >
          <div
            className="tile"
            onClick={[Function]}
          >
            <div
              className="bg"
            />
          </div>
        </div>
      </div>
      <div
        className="col"
      >
        <div
          className="row"
        >
          <div
            className="tile"
            onClick={[Function]}
          >
            <div
              className="bg"
            />
          </div>
        </div>
        <div
          className="row"
        >
          <div
            className="tile"
            onClick={[Function]}
          >
            <div
              className="bg"
            />
          </div>
        </div>
        <div
          className="row"
        >
          <div
            className="tile"
            onClick={[Function]}
          >
            <div
              className="bg"
            />
          </div>
        </div>
        <div
          className="row"
        >
          <div
            className="tile"
            onClick={[Function]}
          >
            <div
              className="bg"
            />
          </div>
        </div>
        <div
          className="row"
        >
          <div
            className="tile"
            onClick={[Function]}
          >
            <div
              className="bg"
            />
          </div>
        </div>
        <div
          className="row"
        >
          <div
            className="tile"
            onClick={[Function]}
          >
            <div
              className="bg"
            />
          </div>
        </div>
      </div>
      <div
        className="col"
      >
        <div
          className="row"
        >
          <div
            className="tile"
            onClick={[Function]}
          >
            <div
              className="bg"
            />
          </div>
        </div>
        <div
          className="row"
        >
          <div
            className="tile"
            onClick={[Function]}
          >
            <div
              className="bg"
            />
          </div>
        </div>
        <div
          className="row"
        >
          <div
            className="tile"
            onClick={[Function]}
          >
            <div
              className="bg"
            />
          </div>
        </div>
        <div
          className="row"
        >
          <div
            className="tile"
            onClick={[Function]}
          >
            <div
              className="bg"
            />
          </div>
        </div>
        <div
          className="row"
        >
          <div
            className="tile"
            onClick={[Function]}
          >
            <div
              className="bg"
            />
          </div>
        </div>
        <div
          className="row"
        >
          <div
            className="tile"
            onClick={[Function]}
          >
            <div
              className="bg"
            />
          </div>
        </div>
      </div>
      <div
        className="col"
      >
        <div
          className="row"
        >
          <div
            className="tile"
            onClick={[Function]}
          >
            <div
              className="bg"
            />
          </div>
        </div>
        <div
          className="row"
        >
          <div
            className="tile"
            onClick={[Function]}
          >
            <div
              className="bg"
            />
          </div>
        </div>
        <div
          className="row"
        >
          <div
            className="tile"
            onClick={[Function]}
          >
            <div
              className="bg"
            />
          </div>
        </div>
        <div
          className="row"
        >
          <div
            className="tile"
            onClick={[Function]}
          >
            <div
              className="bg"
            />
          </div>
        </div>
        <div
          className="row"
        >
          <div
            className="tile"
            onClick={[Function]}
          >
            <div
              className="bg"
            />
          </div>
        </div>
        <div
          className="row"
        >
          <div
            className="tile"
            onClick={[Function]}
          >
            <div
              className="bg"
            />
          </div>
        </div>
      </div>
      <div
        className="col"
      >
        <div
          className="row"
        >
          <div
            className="tile"
            onClick={[Function]}
          >
            <div
              className="bg"
            />
          </div>
        </div>
        <div
          className="row"
        >
          <div
            className="tile"
            onClick={[Function]}
          >
            <div
              className="bg"
            />
          </div>
        </div>
        <div
          className="row"
        >
          <div
            className="tile"
            onClick={[Function]}
          >
            <div
              className="bg"
            />
          </div>
        </div>
        <div
          className="row"
        >
          <div
            className="tile"
            onClick={[Function]}
          >
            <div
              className="bg"
            />
          </div>
        </div>
        <div
          className="row"
        >
          <div
            className="tile"
            onClick={[Function]}
          >
            <div
              className="bg"
            />
          </div>
        </div>
        <div
          className="row"
        >
          <div
            className="tile"
            onClick={[Function]}
          >
            <div
              className="bg"
            />
          </div>
        </div>
      </div>
      <div
        className="col"
      >
        <div
          className="row"
        >
          <div
            className="tile"
            onClick={[Function]}
          >
            <div
              className="bg"
            />
          </div>
        </div>
        <div
          className="row"
        >
          <div
            className="tile"
            onClick={[Function]}
          >
            <div
              className="bg"
            />
          </div>
        </div>
        <div
          className="row"
        >
          <div
            className="tile"
            onClick={[Function]}
          >
            <div
              className="bg"
            />
          </div>
        </div>
        <div
          className="row"
        >
          <div
            className="tile"
            onClick={[Function]}
          >
            <div
              className="bg"
            />
          </div>
        </div>
        <div
          className="row"
        >
          <div
            className="tile"
            onClick={[Function]}
          >
            <div
              className="bg"
            />
          </div>
        </div>
        <div
          className="row"
        >
          <div
            className="tile"
            onClick={[Function]}
          >
            <div
              className="bg"
            />
          </div>
        </div>
      </div>
      <div
        className="col"
      >
        <div
          className="row"
        >
          <div
            className="tile"
            onClick={[Function]}
          >
            <div
              className="bg"
            />
          </div>
        </div>
        <div
          className="row"
        >
          <div
            className="tile"
            onClick={[Function]}
          >
            <div
              className="bg"
            />
          </div>
        </div>
        <div
          className="row"
        >
          <div
            className="tile"
            onClick={[Function]}
          >
            <div
              className="bg"
            />
          </div>
        </div>
        <div
          className="row"
        >
          <div
            className="tile"
            onClick={[Function]}
          >
            <div
              className="bg"
            />
          </div>
        </div>
        <div
          className="row"
        >
          <div
            className="tile"
            onClick={[Function]}
          >
            <div
              className="bg"
            />
          </div>
        </div>
        <div
          className="row"
        >
          <div
            className="tile"
            onClick={[Function]}
          >
            <div
              className="bg"
            />
          </div>
        </div>
      </div>
      <div
        className="col"
      >
        <div
          className="row"
        >
          <div
            className="tile"
            onClick={[Function]}
          >
            <div
              className="bg"
            />
          </div>
        </div>
        <div
          className="row"
        >
          <div
            className="tile"
            onClick={[Function]}
          >
            <div
              className="bg"
            />
          </div>
        </div>
        <div
          className="row"
        >
          <div
            className="tile"
            onClick={[Function]}
          >
            <div
              className="bg"
            />
          </div>
        </div>
        <div
          className="row"
        >
          <div
            className="tile"
            onClick={[Function]}
          >
            <div
              className="bg"
            />
          </div>
        </div>
        <div
          className="row"
        >
          <div
            className="tile"
            onClick={[Function]}
          >
            <div
              className="bg"
            />
          </div>
        </div>
        <div
          className="row"
        >
          <div
            className="tile"
            onClick={[Function]}
          >
            <div
              className="bg"
            />
          </div>
        </div>
      </div>
      <div
        className="col"
      >
        <div
          className="row"
        >
          <div
            className="tile"
            onClick={[Function]}
          >
            <div
              className="bg"
            />
          </div>
        </div>
        <div
          className="row"
        >
          <div
            className="tile"
            onClick={[Function]}
          >
            <div
              className="bg"
            />
          </div>
        </div>
        <div
          className="row"
        >
          <div
            className="tile"
            onClick={[Function]}
          >
            <div
              className="bg"
            />
          </div>
        </div>
        <div
          className="row"
        >
          <div
            className="tile"
            onClick={[Function]}
          >
            <div
              className="bg"
            />
          </div>
        </div>
        <div
          className="row"
        >
          <div
            className="tile"
            onClick={[Function]}
          >
            <div
              className="bg"
            />
          </div>
        </div>
        <div
          className="row"
        >
          <div
            className="tile"
            onClick={[Function]}
          >
            <div
              className="bg"
            />
          </div>
        </div>
      </div>
    </div>
  </div>
  <div
    className="buttons"
  >
    <div
      className="buttonsPadding"
    />
    <button
      className="button button"
      onClick={[Function]}
    >
      <div
        className="inner"
      >
        RESET
      </div>
    </button>
    <div
      className="buttonsSpacing"
    />
    <button
      className="buttonAccent button"
      onClick={[Function]}
    >
      <div
        className="inner"
      >
        RUN
      </div>
    </button>
    <div
      className="buttonsPadding"
    />
  </div>
</div>
`;

exports[`should render field with marked tiles 1`] = `
<div
  className="field"
>
  <div
    className="wrapper"
    style={
      Object {
        "paddingBottom": "50%",
      }
    }
  >
    <div
      className="content"
    >
      <div
        className="col"
      >
        <div
          className="row"
        >
          <div
            className="tile"
            onClick={[Function]}
          >
            <div
              className="bgBlack"
            />
          </div>
        </div>
        <div
          className="row"
        >
          <div
            className="tile"
            onClick={[Function]}
          >
            <div
              className="bgBlue"
            />
          </div>
        </div>
        <div
          className="row"
        >
          <div
            className="tile"
            onClick={[Function]}
          >
            <div
              className="bgBlack"
            />
          </div>
        </div>
        <div
          className="row"
        >
          <div
            className="tile"
            onClick={[Function]}
          >
            <div
              className="bg"
            />
          </div>
        </div>
        <div
          className="row"
        >
          <div
            className="tile"
            onClick={[Function]}
          >
            <div
              className="bg"
            />
          </div>
        </div>
        <div
          className="row"
        >
          <div
            className="tile"
            onClick={[Function]}
          >
            <div
              className="bg"
            />
          </div>
        </div>
      </div>
      <div
        className="col"
      >
        <div
          className="row"
        >
          <div
            className="tile"
            onClick={[Function]}
          >
            <div
              className="bg"
            />
          </div>
        </div>
        <div
          className="row"
        >
          <div
            className="tile"
            onClick={[Function]}
          >
            <div
              className="bg"
            />
          </div>
        </div>
        <div
          className="row"
        >
          <div
            className="tile"
            onClick={[Function]}
          >
            <div
              className="bg"
            />
          </div>
        </div>
        <div
          className="row"
        >
          <div
            className="tile"
            onClick={[Function]}
          >
            <div
              className="bg"
            />
          </div>
        </div>
        <div
          className="row"
        >
          <div
            className="tile"
            onClick={[Function]}
          >
            <div
              className="bg"
            />
          </div>
        </div>
        <div
          className="row"
        >
          <div
            className="tile"
            onClick={[Function]}
          >
            <div
              className="bg"
            />
          </div>
        </div>
      </div>
      <div
        className="col"
      >
        <div
          className="row"
        >
          <div
            className="tile"
            onClick={[Function]}
          >
            <div
              className="bg"
            />
          </div>
        </div>
        <div
          className="row"
        >
          <div
            className="tile"
            onClick={[Function]}
          >
            <div
              className="bg"
            />
          </div>
        </div>
        <div
          className="row"
        >
          <div
            className="tile"
            onClick={[Function]}
          >
            <div
              className="bg"
            />
          </div>
        </div>
        <div
          className="row"
        >
          <div
            className="tile"
            onClick={[Function]}
          >
            <div
              className="bg"
            />
          </div>
        </div>
        <div
          className="row"
        >
          <div
            className="tile"
            onClick={[Function]}
          >
            <div
              className="bg"
            />
          </div>
        </div>
        <div
          className="row"
        >
          <div
            className="tile"
            onClick={[Function]}
          >
            <div
              className="bg"
            />
          </div>
        </div>
      </div>
      <div
        className="col"
      >
        <div
          className="row"
        >
          <div
            className="tile"
            onClick={[Function]}
          >
            <div
              className="bg"
            />
          </div>
        </div>
        <div
          className="row"
        >
          <div
            className="tile"
            onClick={[Function]}
          >
            <div
              className="bg"
            />
          </div>
        </div>
        <div
          className="row"
        >
          <div
            className="tile"
            onClick={[Function]}
          >
            <div
              className="bg"
            />
          </div>
        </div>
        <div
          className="row"
        >
          <div
            className="tile"
            onClick={[Function]}
          >
            <div
              className="bg"
            />
          </div>
        </div>
        <div
          className="row"
        >
          <div
            className="tile"
            onClick={[Function]}
          >
            <div
              className="bg"
            />
          </div>
        </div>
        <div
          className="row"
        >
          <div
            className="tile"
            onClick={[Function]}
          >
            <div
              className="bg"
            />
          </div>
        </div>
      </div>
      <div
        className="col"
      >
        <div
          className="row"
        >
          <div
            className="tile"
            onClick={[Function]}
          >
            <div
              className="bg"
            />
          </div>
        </div>
        <div
          className="row"
        >
          <div
            className="tile"
            onClick={[Function]}
          >
            <div
              className="bg"
            />
          </div>
        </div>
        <div
          className="row"
        >
          <div
            className="tile"
            onClick={[Function]}
          >
            <div
              className="bg"
            />
          </div>
        </div>
        <div
          className="row"
        >
          <div
            className="tile"
            onClick={[Function]}
          >
            <div
              className="bg"
            />
          </div>
        </div>
        <div
          className="row"
        >
          <div
            className="tile"
            onClick={[Function]}
          >
            <div
              className="bg"
            />
          </div>
        </div>
        <div
          className="row"
        >
          <div
            className="tile"
            onClick={[Function]}
          >
            <div
              className="bg"
            />
          </div>
        </div>
      </div>
      <div
        className="col"
      >
        <div
          className="row"
        >
          <div
            className="tile"
            onClick={[Function]}
          >
            <div
              className="bg"
            />
          </div>
        </div>
        <div
          className="row"
        >
          <div
            className="tile"
            onClick={[Function]}
          >
            <div
              className="bg"
            />
          </div>
        </div>
        <div
          className="row"
        >
          <div
            className="tile"
            onClick={[Function]}
          >
            <div
              className="bg"
            />
          </div>
        </div>
        <div
          className="row"
        >
          <div
            className="tile"
            onClick={[Function]}
          >
            <div
              className="bg"
            />
          </div>
        </div>
        <div
          className="row"
        >
          <div
            className="tile"
            onClick={[Function]}
          >
            <div
              className="bg"
            />
          </div>
        </div>
        <div
          className="row"
        >
          <div
            className="tile"
            onClick={[Function]}
          >
            <div
              className="bg"
            />
          </div>
        </div>
      </div>
      <div
        className="col"
      >
        <div
          className="row"
        >
          <div
            className="tile"
            onClick={[Function]}
          >
            <div
              className="bg"
            />
          </div>
        </div>
        <div
          className="row"
        >
          <div
            className="tile"
            onClick={[Function]}
          >
            <div
              className="bg"
            />
          </div>
        </div>
        <div
          className="row"
        >
          <div
            className="tile"
            onClick={[Function]}
          >
            <div
              className="bg"
            />
          </div>
        </div>
        <div
          className="row"
        >
          <div
            className="tile"
            onClick={[Function]}
          >
            <div
              className="bg"
            />
          </div>
        </div>
        <div
          className="row"
        >
          <div
            className="tile"
            onClick={[Function]}
          >
            <div
              className="bg"
            />
          </div>
        </div>
        <div
          className="row"
        >
          <div
            className="tile"
            onClick={[Function]}
          >
            <div
              className="bg"
            />
          </div>
        </div>
      </div>
      <div
        className="col"
      >
        <div
          className="row"
        >
          <div
            className="tile"
            onClick={[Function]}
          >
            <div
              className="bg"
            />
          </div>
        </div>
        <div
          className="row"
        >
          <div
            className="tile"
            onClick={[Function]}
          >
            <div
              className="bg"
            />
          </div>
        </div>
        <div
          className="row"
        >
          <div
            className="tile"
            onClick={[Function]}
          >
            <div
              className="bg"
            />
          </div>
        </div>
        <div
          className="row"
        >
          <div
            className="tile"
            onClick={[Function]}
          >
            <div
              className="bg"
            />
          </div>
        </div>
        <div
          className="row"
        >
          <div
            className="tile"
            onClick={[Function]}
          >
            <div
              className="bg"
            />
          </div>
        </div>
        <div
          className="row"
        >
          <div
            className="tile"
            onClick={[Function]}
          >
            <div
              className="bg"
            />
          </div>
        </div>
      </div>
      <div
        className="col"
      >
        <div
          className="row"
        >
          <div
            className="tile"
            onClick={[Function]}
          >
            <div
              className="bg"
            />
          </div>
        </div>
        <div
          className="row"
        >
          <div
            className="tile"
            onClick={[Function]}
          >
            <div
              className="bg"
            />
          </div>
        </div>
        <div
          className="row"
        >
          <div
            className="tile"
            onClick={[Function]}
          >
            <div
              className="bg"
            />
          </div>
        </div>
        <div
          className="row"
        >
          <div
            className="tile"
            onClick={[Function]}
          >
            <div
              className="bg"
            />
          </div>
        </div>
        <div
          className="row"
        >
          <div
            className="tile"
            onClick={[Function]}
          >
            <div
              className="bg"
            />
          </div>
        </div>
        <div
          className="row"
        >
          <div
            className="tile"
            onClick={[Function]}
          >
            <div
              className="bg"
            />
          </div>
        </div>
      </div>
      <div
        className="col"
      >
        <div
          className="row"
        >
          <div
            className="tile"
            onClick={[Function]}
          >
            <div
              className="bg"
            />
          </div>
        </div>
        <div
          className="row"
        >
          <div
            className="tile"
            onClick={[Function]}
          >
            <div
              className="bg"
            />
          </div>
        </div>
        <div
          className="row"
        >
          <div
            className="tile"
            onClick={[Function]}
          >
            <div
              className="bg"
            />
          </div>
        </div>
        <div
          className="row"
        >
          <div
            className="tile"
            onClick={[Function]}
          >
            <div
              className="bg"
            />
          </div>
        </div>
        <div
          className="row"
        >
          <div
            className="tile"
            onClick={[Function]}
          >
            <div
              className="bg"
            />
          </div>
        </div>
        <div
          className="row"
        >
          <div
            className="tile"
            onClick={[Function]}
          >
            <div
              className="bg"
            />
          </div>
        </div>
      </div>
      <div
        className="col"
      >
        <div
          className="row"
        >
          <div
            className="tile"
            onClick={[Function]}
          >
            <div
              className="bg"
            />
          </div>
        </div>
        <div
          className="row"
        >
          <div
            className="tile"
            onClick={[Function]}
          >
            <div
              className="bg"
            />
          </div>
        </div>
        <div
          className="row"
        >
          <div
            className="tile"
            onClick={[Function]}
          >
            <div
              className="bg"
            />
          </div>
        </div>
        <div
          className="row"
        >
          <div
            className="tile"
            onClick={[Function]}
          >
            <div
              className="bg"
            />
          </div>
        </div>
        <div
          className="row"
        >
          <div
            className="tile"
            onClick={[Function]}
          >
            <div
              className="bg"
            />
          </div>
        </div>
        <div
          className="row"
        >
          <div
            className="tile"
            onClick={[Function]}
          >
            <div
              className="bg"
            />
          </div>
        </div>
      </div>
      <div
        className="col"
      >
        <div
          className="row"
        >
          <div
            className="tile"
            onClick={[Function]}
          >
            <div
              className="bg"
            />
          </div>
        </div>
        <div
          className="row"
        >
          <div
            className="tile"
            onClick={[Function]}
          >
            <div
              className="bg"
            />
          </div>
        </div>
        <div
          className="row"
        >
          <div
            className="tile"
            onClick={[Function]}
          >
            <div
              className="bg"
            />
          </div>
        </div>
        <div
          className="row"
        >
          <div
            className="tile"
            onClick={[Function]}
          >
            <div
              className="bg"
            />
          </div>
        </div>
        <div
          className="row"
        >
          <div
            className="tile"
            onClick={[Function]}
          >
            <div
              className="bg"
            />
          </div>
        </div>
        <div
          className="row"
        >
          <div
            className="tile"
            onClick={[Function]}
          >
            <div
              className="bg"
            />
          </div>
        </div>
      </div>
    </div>
  </div>
  <div
    className="buttons"
  >
    <div
      className="buttonsPadding"
    />
    <button
      className="button button"
      onClick={[Function]}
    >
      <div
        className="inner"
      >
        RESET
      </div>
    </button>
    <div
      className="buttonsSpacing"
    />
    <button
      className="buttonAccent button"
      onClick={[Function]}
    >
      <div
        className="inner"
      >
        RUN
      </div>
    </button>
    <div
      className="buttonsPadding"
    />
  </div>
</div>
`;
